<library>
BRTT Filters
wffilbrtt
none
wffil.h
provides a c interface to BRTT time-domina
waveform filtering using digital recursion
filters

<cdeclarations>
int wffilbrtt_filter(void *user_data, char *filter_string, double gap_tolerance, int *nsamps, double *tstart, double *dt, float **data, int *data_size, char *input_units, char *output_units, Hook **state)
    filter data in place


