<subsection Simple Averaging Filters>
<List>

AVE twin [toffset [min_percent_good]]	
    Boxcar average waveform
ABS	
    Compute waveform absolute value
SQ	
    Compute waveform square value
SQRT	
    Compute waveform square root value
AGC twin toffset agcamp [min_percent_good]]	
    Automatic gain control waveform
PINT tpivot twmean twmax nint [reverse]
    Pivot integrator
</List>
