<initialization ../refhdr.mif>
<title Antelope Scripting Reference Guide>
<author Kent Lindquist>
<publisher BRTT, Inc>
<publisher 2045 Broadway, Suite 400>
<publisher Boulder, CO  80302>
<publisher www.brtt.com>
<paragraph Body>

<include perl.ref>
<include tcldb.ref>
<include tclorb8.ref>
<include tkBrttPlot.ref>
<include matlab.ref>

<the_end>
