<initialization Scripting ../refhdr.mif>
<include perl.ref>
<include tcldb.ref>
<include tclorb8.ref>
<include tkBrttPlot.ref>
<include matlab.ref>
<no_index>
<include ../tables/time_expressions.ref>
<include ../tables/table_time.ref>
<include ../tables/table_expressions.ref>
<include ../tables/table_datascope.ref>
<the_end>
